/Users/srinivas/Library/Python/3.9/lib/python/site-packages/urllib3/__init__.py:35: NotOpenSSLWarning: urllib3 v2 only supports OpenSSL 1.1.1+, currently the 'ssl' module is compiled with 'LibreSSL 2.8.3'. See: https://github.com/urllib3/urllib3/issues/3020
  warnings.warn(
Traceback (most recent call last):
  File "/Users/srinivas/Orchestrate Github/orchestrate-gershwin/test_repo.py", line 282, in <module>
    proc = start_jarvis()
  File "/Users/srinivas/Orchestrate Github/orchestrate-gershwin/test_repo.py", line 40, in start_jarvis
    raise RuntimeError("Failed to start jarvis on port 9000")
RuntimeError: Failed to start jarvis on port 9000
